echo Python is interesting
